// Jest Snapshot v1, https://goo.gl/fbAQLP

exports[`snapshot 1`] = `
<View
  style={
    {
      "flex": 1,
    }
  }
>
  <View
    accessibilityState={
      {
        "busy": undefined,
        "checked": undefined,
        "disabled": undefined,
        "expanded": undefined,
        "selected": undefined,
      }
    }
    accessibilityValue={
      {
        "max": undefined,
        "min": undefined,
        "now": undefined,
        "text": undefined,
      }
    }
    accessible={true}
    collapsable={false}
    focusable={true}
    onBlur={[Function]}
    onClick={[Function]}
    onFocus={[Function]}
    onResponderGrant={[Function]}
    onResponderMove={[Function]}
    onResponderRelease={[Function]}
    onResponderTerminate={[Function]}
    onResponderTerminationRequest={[Function]}
    onStartShouldSetResponder={[Function]}
    style={false}
  >
    <View
      style={
        {
          "alignItems": "center",
          "backgroundColor": "orange",
          "borderRadius": 15,
          "height": 66.7,
          "justifyContent": "center",
          "width": 187.5,
        }
      }
    >
      <Text
        style={
          {
            "fontSize": 18,
            "fontWeight": "bold",
          }
        }
      >
        Add To Cart
      </Text>
    </View>
  </View>
</View>
`;
